// Jest Snapshot v1, https://goo.gl/fbAQLP

exports[`should render Private Route 1`] = `<div />`;
