// Jest Snapshot v1, https://goo.gl/fbAQLP

exports[`should render user offer box 1`] = `
<div>
  <div
    class="css-2auidg"
    fit="cover"
  >
    <span
      class="chakra-badge css-hhwc0p"
    >
      Folding Laundry
    </span>
    <div
      class="css-1vae7t2"
    >
      <div
        class="css-x1sij0"
      >
        <span
          class="chakra-badge css-9doude"
        >
          Offered By:
          <br />
          marvin_lambert@hotmail.com
        </span>
        <div
          class="css-19hvzin"
        >
          Price: $
          40
        </div>
        <div
          class="css-1m7zmxy"
        >
          Status: Not Accepted
        </div>
      </div>
      <div
        class="css-gmuwbf"
      >
        <button
          class="chakra-button css-1sdsuwl"
          type="button"
        >
          Remove Offer
        </button>
      </div>
      <div
        class="css-0"
      >
        <span
          class="css-bgvdb6"
        />
      </div>
    </div>
  </div>
</div>
`;
